DRDA	38	6691	1

	1	TCP 192.168.106.1:4847 <-> 192.168.106.128:50000 [proto: 227/DRDA][cat: Database/11][20 pkts/3169 bytes <-> 18 pkts/3522 bytes][bytes ratio: -0.053 (Mixed)][IAT c2s/s2c min/avg/max/stddev: 1/0 2136.3/2390.7 17828/17986 5539.8/5887.5][Pkt Len c2s/s2c min/avg/max/stddev: 54/54 158.4/195.7 717/684 168.7/193.1][PLAIN TEXT (@@@@@@@@@@@)]
