ntop	19	10643	1

	1	TCP 192.168.80.160:55804 <-> 46.101.157.119:80 [proto: 7.26/HTTP.ntop][cat: Network/14][9 pkts/754 bytes <-> 10 pkts/9889 bytes][Host: luca.ntop.org][bytes ratio: -0.858 (Download)][IAT c2s/s2c min/avg/max/stddev: 0/0 24.3/5.1 77/41 29.2/13.6][Pkt Len c2s/s2c min/avg/max/stddev: 66/68 83.8/988.9 214/1502 46.2/649.2][PLAIN TEXT (GET /0.mp)]
