DNS	15	1612	1
NestLogSink	759	116848	13

	1	TCP 192.168.242.15:63342 <-> 35.188.154.186:11095 [proto: 43/NestLogSink][cat: Cloud/13][37 pkts/14650 bytes <-> 35 pkts/4115 bytes][bytes ratio: 0.561 (Upload)][IAT c2s/s2c min/avg/max/stddev: 4/0 129.4/137.6 1347/1490 229.4/263.3][Pkt Len c2s/s2c min/avg/max/stddev: 60/54 395.9/117.6 585/733 191.9/107.5][PLAIN TEXT (05CA02AC4414028)]
	2	TCP 192.168.242.15:63345 <-> 35.188.154.186:11095 [proto: 43/NestLogSink][cat: Cloud/13][36 pkts/14613 bytes <-> 35 pkts/4114 bytes][bytes ratio: 0.561 (Upload)][IAT c2s/s2c min/avg/max/stddev: 11/0 118.1/121.1 1166/1477 209.5/264.0][Pkt Len c2s/s2c min/avg/max/stddev: 60/54 405.9/117.5 584/732 185.3/107.3][PLAIN TEXT (05CA02AC4414028)]
	3	TCP 192.168.242.15:63351 <-> 35.188.154.186:11095 [proto: 43/NestLogSink][cat: Cloud/13][25 pkts/9229 bytes <-> 24 pkts/2916 bytes][bytes ratio: 0.520 (Upload)][IAT c2s/s2c min/avg/max/stddev: 5/0 147.6/155.8 1319/1484 276.1/319.4][Pkt Len c2s/s2c min/avg/max/stddev: 60/54 369.2/121.5 584/733 204.4/129.6][PLAIN TEXT (05CA02AC4414028)]
	4	TCP 192.168.242.15:63348 <-> 35.188.154.186:11095 [proto: 43/NestLogSink][cat: Cloud/13][25 pkts/9114 bytes <-> 24 pkts/2915 bytes][bytes ratio: 0.515 (Upload)][IAT c2s/s2c min/avg/max/stddev: 10/0 144.0/149.9 1167/1475 250.2/318.7][Pkt Len c2s/s2c min/avg/max/stddev: 60/54 364.6/121.5 584/732 204.5/129.4][PLAIN TEXT (05CA02AC4414028)]
	5	TCP 192.168.242.15:63343 <-> 35.174.82.237:11095 [proto: 43/NestLogSink][cat: Cloud/13][60 pkts/5549 bytes <-> 56 pkts/5094 bytes][bytes ratio: 0.043 (Mixed)][IAT c2s/s2c min/avg/max/stddev: 7/16 31024.8/32448.1 60073/60128 29545.4/29658.3][Pkt Len c2s/s2c min/avg/max/stddev: 60/54 92.5/91.0 585/731 96.8/125.8][PLAIN TEXT (05CA02AC4414028)]
	6	TCP 192.168.242.15:63352 <-> 35.174.82.237:11095 [proto: 43/NestLogSink][cat: Cloud/13][50 pkts/4894 bytes <-> 46 pkts/4392 bytes][bytes ratio: 0.054 (Mixed)][IAT c2s/s2c min/avg/max/stddev: 4/17 30788.4/32197.7 60184/60262 29802.3/29767.3][Pkt Len c2s/s2c min/avg/max/stddev: 60/54 97.9/95.5 586/730 105.0/136.5][PLAIN TEXT (05CA02AC4414028)]
	7	TCP 192.168.242.15:63346 <-> 35.174.82.237:11095 [proto: 43/NestLogSink][cat: Cloud/13][41 pkts/4409 bytes <-> 37 pkts/3907 bytes][bytes ratio: 0.060 (Mixed)][IAT c2s/s2c min/avg/max/stddev: 6/15 26738.2/29370.6 60088/60136 29264.0/29744.5][Pkt Len c2s/s2c min/avg/max/stddev: 60/54 107.5/105.6 585/731 114.0/150.6][PLAIN TEXT (05CA02AC4414028)]
	8	TCP 192.168.242.15:63349 <-> 35.174.82.237:11095 [proto: 43/NestLogSink][cat: Cloud/13][28 pkts/3254 bytes <-> 24 pkts/3040 bytes][bytes ratio: 0.034 (Mixed)][IAT c2s/s2c min/avg/max/stddev: 4/14 23187.8/24702.0 60151/60151 29020.0/29366.2][Pkt Len c2s/s2c min/avg/max/stddev: 60/54 116.2/126.7 584/732 117.5/180.8][PLAIN TEXT (05CA02AC4414028)]
	9	TCP 192.168.242.15:63350 <-> 35.174.82.237:11095 [proto: 43/NestLogSink][cat: Cloud/13][18 pkts/2655 bytes <-> 14 pkts/2499 bytes][bytes ratio: 0.030 (Mixed)][IAT c2s/s2c min/avg/max/stddev: 7/15 9598.2/10243.1 60124/60155 20420.8/22303.2][Pkt Len c2s/s2c min/avg/max/stddev: 60/54 147.5/178.5 585/731 137.0/222.5][PLAIN TEXT (05CA02AC4414028)]
	10	TCP 192.168.242.15:63340 <-> 35.174.82.237:11095 [proto: 43/NestLogSink][cat: Cloud/13][42 pkts/2576 bytes <-> 41 pkts/2214 bytes][bytes ratio: 0.076 (Mixed)][IAT c2s/s2c min/avg/max/stddev: 62/64 40377.0/40111.4 60074/60122 27782.2/28130.7][Pkt Len c2s/s2c min/avg/max/stddev: 60/54 61.3/54.0 116/54 8.5/0.0]
	11	TCP 192.168.242.15:63344 <-> 35.188.154.186:11095 [proto: 43/NestLogSink][cat: Cloud/13][11 pkts/2565 bytes <-> 10 pkts/1389 bytes][bytes ratio: 0.297 (Upload)][IAT c2s/s2c min/avg/max/stddev: 61/0 571.8/644.9 2711/3410 838.1/1145.9][Pkt Len c2s/s2c min/avg/max/stddev: 60/54 233.2/138.9 584/732 216.6/199.2][PLAIN TEXT (05CA02AC4414028)]
	12	TCP 192.168.242.15:63347 <-> 35.188.154.186:11095 [proto: 43/NestLogSink][cat: Cloud/13][10 pkts/1983 bytes <-> 10 pkts/1390 bytes][bytes ratio: 0.176 (Mixed)][IAT c2s/s2c min/avg/max/stddev: 63/0 328.9/312.2 1182/1489 370.0/493.5][Pkt Len c2s/s2c min/avg/max/stddev: 60/54 198.3/139.0 586/733 195.5/199.5][PLAIN TEXT (05CA02AC4414028)]
	13	TCP 192.168.242.15:63353 <-> 35.188.154.186:11095 [proto: 43/NestLogSink][cat: Cloud/13][10 pkts/1983 bytes <-> 10 pkts/1389 bytes][bytes ratio: 0.176 (Mixed)][IAT c2s/s2c min/avg/max/stddev: 70/0 316.8/313.2 1162/1502 368.1/501.4][Pkt Len c2s/s2c min/avg/max/stddev: 60/54 198.3/138.9 586/732 195.5/199.2][PLAIN TEXT (05CA02AC4414028)]
	14	UDP 192.168.242.15:52849 <-> 192.168.242.1:53 [proto: 5/DNS][cat: Network/14][8 pkts/713 bytes <-> 7 pkts/899 bytes][Host: weave-logsink.nest.com][bytes ratio: -0.115 (Mixed)][IAT c2s/s2c min/avg/max/stddev: 22/4311 514338.6/600061.7 1795476/1795277 652670.2/667369.6][Pkt Len c2s/s2c min/avg/max/stddev: 82/98 89.1/128.4 101/169 9.2/35.1][PLAIN TEXT (logsink)]
