DNS	4	386	2
SSDP	16	2648	1
IGMP	1	60	1
NetFlix	6976	6151821	56
Amazon	2	126	1

JA3 Host Stats: 
		 IP Address                  	 # JA3C     
	1	 192.168.1.7              	 4      


	1	TCP 192.168.1.7:53217 <-> 23.246.11.141:80 [proto: 7.133/HTTP.NetFlix][cat: Video/26][667 pkts/50462 bytes <-> 1205 pkts/1807875 bytes][Host: 23.246.11.141][bytes ratio: -0.946 (Download)][IAT c2s/s2c min/avg/max/stddev: 0/0 39.3/21.4 562/505 60.6/39.2][Pkt Len c2s/s2c min/avg/max/stddev: 60/74 75.7/1500.3 584/1514 68.6/116.2][URL: 23.246.11.141/?o=AQEfKq2oMrLRiWL2puNQJJ2TLhuiGLjSseu23V2HX6kIiU9JpbCaBxxaIoz21qQNKuDUaOIZwdTlx23DMVxabbCwmvEluipDW2tvFMlhMRtwdhhVlbv9KGFabiu5KH0Slx0VjOK_wzThpP7lHhWA4kW9gayYEWtjNNKe&v=3&e=1484347850&t=Dh278u2UpApOCGUj5RxV8azNWX8][StatusCode: 206][PLAIN TEXT (oMrLRiWL2)]
	2	TCP 192.168.1.7:53183 <-> 23.246.3.140:80 [proto: 7.133/HTTP.NetFlix][cat: Video/26][502 pkts/40335 bytes <-> 805 pkts/1202445 bytes][Host: 23.246.3.140][bytes ratio: -0.935 (Download)][IAT c2s/s2c min/avg/max/stddev: 0/0 106.5/65.5 5026/5057 397.7/317.3][Pkt Len c2s/s2c min/avg/max/stddev: 60/74 80.3/1493.7 581/1514 81.4/139.9][URL: 23.246.3.140/?o=AQEfKq2oMrLRiWL-p-VeIZ6WKRq-X6LMvaLqgxWBCuFbh09MpreORUUOO5Tx1683HPnLY6BPjN_9mlDuYihGZoXu9u0ozH8RFioBN_JDNiRscidjvoSdWmlyZgPNansW0lkBr4X81HvloOi8BS_exVSPhMyJQTB5bg&v=3&e=1484347850&t=-8u4vlcPuFqcOLnLyb9DDtK-bB4][StatusCode: 206][PLAIN TEXT (oMrLRiWL)]
	3	TCP 192.168.1.7:53210 <-> 23.246.11.133:80 [proto: 7.133/HTTP.NetFlix][cat: Video/26][293 pkts/23170 bytes <-> 495 pkts/736113 bytes][Host: 23.246.11.133][bytes ratio: -0.939 (Download)][IAT c2s/s2c min/avg/max/stddev: 0/0 70.3/94.7 5238/26393 315.4/1212.1][Pkt Len c2s/s2c min/avg/max/stddev: 66/66 79.1/1487.1 582/1514 78.6/167.2][URL: 23.246.11.133/?o=AQEfKq2oMrLRiWL1ouVaJpeQLBWjGLjSseu23V2HX6kIiU9JpbCaBxxaIoz21qQNKuDUaOIZwdTlx23DMVxabbCwmvEluipDW2tvFMlhMRtwdhhVlbv9KGFabiu5KH0Slx0VjOK_wzThp_7lHhWA4kW9gayYEWtjNNKe&v=3&e=1484347850&t=JfEef80K02ynIjLLoi-HZB1uQ10][StatusCode: 206][PLAIN TEXT (oMrLRiWL1)]
	4	TCP 192.168.1.7:53153 <-> 184.25.204.24:80 [proto: 7.133/HTTP.NetFlix][cat: Video/26][147 pkts/11558 bytes <-> 490 pkts/734346 bytes][Host: tp.akam.nflximg.com][bytes ratio: -0.969 (Download)][IAT c2s/s2c min/avg/max/stddev: 2/0 199.5/58.8 2078/4093 439.0/257.2][Pkt Len c2s/s2c min/avg/max/stddev: 66/66 78.6/1498.7 282/1514 20.9/140.2][URL: tp.akam.nflximg.com/tpa3/616/2041779616.bif][StatusCode: 200][PLAIN TEXT (GET /tpa3/616/2041779616.bif HT)]
	5	TCP 192.168.1.7:53141 <-> 104.86.97.179:443 [proto: 91.133/TLS.NetFlix][cat: Video/26][83 pkts/7225 bytes <-> 147 pkts/202723 bytes][bytes ratio: -0.931 (Download)][IAT c2s/s2c min/avg/max/stddev: 0/0 909.9/515.0 69170/69192 7634.2/5765.1][Pkt Len c2s/s2c min/avg/max/stddev: 66/54 87.0/1379.1 293/1514 38.8/401.2][TLSv1.2][Client: art-s.nflximg.net][JA3C: c07cb55f88702033a8f52c046d23e0b2][Server: secure.cdn.nflximg.net][JA3S: ef6b224ce027c8e21e5a25d8a58255a3][Organization: Netflix, Inc.][Certificate SHA-1: 0D:EF:D1:E6:29:11:1A:A5:88:B3:2F:04:65:D6:D7:AD:84:A2:52:26][Validity: 2016-04-06 00:00:00 - 2017-04-05 23:59:59][Cipher: TLS_ECDHE_RSA_WITH_AES_256_GCM_SHA384]
	6	TCP 192.168.1.7:53184 <-> 23.246.11.141:80 [proto: 7.133/HTTP.NetFlix][cat: Video/26][75 pkts/6610 bytes <-> 103 pkts/150772 bytes][Host: 23.246.11.141][bytes ratio: -0.916 (Download)][IAT c2s/s2c min/avg/max/stddev: 0/5 85.2/58.5 504/714 120.4/107.1][Pkt Len c2s/s2c min/avg/max/stddev: 60/74 88.1/1463.8 582/1514 100.4/228.0][URL: 23.246.11.141/?o=AQEfKq2oMrLRiWL2puNQJJqTIRqhGLjSseu23V2HX6kIiU9JpbCaBxxaIoz21qQNKuDUaOIZwdTlx23DMVxabbCwmvEluipDW2tvFMlhMRtwdhhVlbv9KGFabiu5KH0Slx0VjOK_wzThp_vlHhWA4kW9gayYEWtjNNKe&v=3&e=1484347850&t=TnP59JB1wb5UTOCr0m-KQU2kGPo][StatusCode: 206][PLAIN TEXT (oMrLRiWL2)]
	7	TCP 192.168.1.7:53149 <-> 184.25.204.25:80 [proto: 7.133/HTTP.NetFlix][cat: Video/26][40 pkts/3413 bytes <-> 86 pkts/125190 bytes][Host: art-2.nflximg.net][bytes ratio: -0.947 (Download)][IAT c2s/s2c min/avg/max/stddev: 6/12 103.2/41.6 1300/402 228.7/64.3][Pkt Len c2s/s2c min/avg/max/stddev: 66/66 85.3/1455.7 311/1514 38.3/273.5][URL: art-2.nflximg.net/5758c/bb636e44b87ef854c331ed7b7b6e157e4945758c.jpg][StatusCode: 200][PLAIN TEXT (GET /5758)]
	8	TCP 192.168.1.7:53116 <-> 52.32.196.36:443 [proto: 91.133/TLS.NetFlix][cat: Video/26][75 pkts/31024 bytes <-> 73 pkts/42930 bytes][bytes ratio: -0.161 (Mixed)][IAT c2s/s2c min/avg/max/stddev: 0/0 233.2/662.2 5977/30505 806.4/3663.5][Pkt Len c2s/s2c min/avg/max/stddev: 60/66 413.7/588.1 1514/1514 553.3/593.8][TLSv1.2][Client: api-global.netflix.com][JA3C: c07cb55f88702033a8f52c046d23e0b2][Server: api.netflix.com][JA3S: 303951d4c50efb2e991652225a6f02b1][Organization: Netflix, Inc.][Certificate SHA-1: FC:5B:F6:86:AE:E5:22:0D:60:0C:C3:DF:8F:02:80:3F:A3:60:0E:3C][Validity: 2016-04-12 00:00:00 - 2018-04-10 23:59:59][Cipher: TLS_ECDHE_RSA_WITH_AES_128_GCM_SHA256]
	9	TCP 192.168.1.7:53193 <-> 54.191.17.51:443 [proto: 91.133/TLS.NetFlix][cat: Video/26][46 pkts/50218 bytes <-> 25 pkts/7943 bytes][bytes ratio: 0.727 (Upload)][IAT c2s/s2c min/avg/max/stddev: 0/0 1181.9/2214.2 51181/51242 7538.2/10223.6][Pkt Len c2s/s2c min/avg/max/stddev: 66/66 1091.7/317.7 1514/1514 614.5/491.5][TLSv1.2][Client: ios.nccp.netflix.com][JA3C: dc67ac8aaf8d7f69ecd6598135448f24][Server: *.nccp.netflix.com][JA3S: 303951d4c50efb2e991652225a6f02b1][Organization: Netflix, Inc.][Certificate SHA-1: 97:F6:63:95:8F:F2:5E:E0:80:12:5A:FD:BF:B2:EB:FE:A2:FE:72:33][Validity: 2001-01-01 12:30:00 - 2029-01-01 12:30:00][Cipher: TLS_ECDHE_RSA_WITH_AES_128_GCM_SHA256]
	10	TCP 192.168.1.7:53164 <-> 23.246.10.139:80 [proto: 7.133/HTTP.NetFlix][cat: Video/26][24 pkts/2040 bytes <-> 34 pkts/45136 bytes][bytes ratio: -0.914 (Download)][IAT c2s/s2c min/avg/max/stddev: 5/0 85.0/57.7 638/579 151.2/113.5][Pkt Len c2s/s2c min/avg/max/stddev: 66/66 85.0/1327.5 422/1514 70.8/457.1][URL: 23.246.10.139/range/0-65535?o=AQEfKq2oMrLRiWL-p-VeIZ6WKRq-X6LMvaLqgxWBCuFbh09MpreORUUOO5Tx1683HPnLY6BPjN_9mlDuYihGZoXu9u0ozH8RFioBN_JDNiRscidjvoSdWmlyZgPNansW0lkBr4X81HvloOi8BS_exVSPhMyJQTB5bg&v=3&e=1484347850&t=-djGXIcbFBNzyfugqEWcrgtCpyY&random=34073607][StatusCode: 200][PLAIN TEXT (GET /range/0)]
	11	TCP 192.168.1.7:53171 <-> 23.246.3.140:80 [proto: 7.133/HTTP.NetFlix][cat: Video/26][21 pkts/1868 bytes <-> 34 pkts/45139 bytes][bytes ratio: -0.921 (Download)][IAT c2s/s2c min/avg/max/stddev: 5/2 109.1/63.6 708/686 206.2/157.9][Pkt Len c2s/s2c min/avg/max/stddev: 66/66 89.0/1327.6 420/1514 74.7/456.9][URL: 23.246.3.140/range/0-65535?o=AQEfKq2oMrLRiWL-p-VeIZ6WKRq-X6LMvaLqgxWBCuFbh09MpreORUUOO5Tx1683HPnLY6BPjN_9mlDuYihGZoXu9u0ozH8RFioBN_JDNiRscidjvoSdWmlyZgPNansW0lkBr4X81HvloOi8BS_exVSPhMyJQTB5bg&v=3&e=1484347850&t=-8u4vlcPuFqcOLnLyb9DDtK-bB4&random=357509657][StatusCode: 200][PLAIN TEXT (GET /range/0)]
	12	TCP 192.168.1.7:53148 <-> 184.25.204.25:80 [proto: 7.133/HTTP.NetFlix][cat: Video/26][31 pkts/2893 bytes <-> 32 pkts/44112 bytes][Host: art-2.nflximg.net][bytes ratio: -0.877 (Download)][IAT c2s/s2c min/avg/max/stddev: 11/0 392.5/250.1 3643/6030 784.1/1074.1][Pkt Len c2s/s2c min/avg/max/stddev: 66/66 93.3/1378.5 312/1514 58.6/421.3][URL: art-2.nflximg.net/af7a5/362643424e775d0393ddb46e145c2375367af7a5.webp][StatusCode: 200][PLAIN TEXT (GET /af)]
	13	TCP 192.168.1.7:53163 <-> 23.246.11.145:80 [proto: 7.133/HTTP.NetFlix][cat: Video/26][21 pkts/1826 bytes <-> 32 pkts/43179 bytes][bytes ratio: -0.919 (Download)][IAT c2s/s2c min/avg/max/stddev: 3/4 82.2/51.1 651/582 154.5/104.3][Pkt Len c2s/s2c min/avg/max/stddev: 66/66 87.0/1349.3 422/1514 75.3/442.6][URL: 23.246.11.145/range/0-65535?o=AQEfKq2oMrLRiWL-p-VeIZ6WKRq-X6LMvaLqgxWBCuFbh09MpreORUUOO5Tx1683HPnLY6BPjN_9mlDuYihGZoXu9u0ozH8RFioBN_JDNiRscidjvoSdWmlyZgPNansW0lkBr4X81HvloOi8BS_exVSPhMyJQTB5bg&v=3&e=1484347850&t=5xfYVtna3GdYXL71uNs6DZ-X84Y&random=39307082][StatusCode: 200][PLAIN TEXT (GET /range/0)]
	14	TCP 192.168.1.7:53133 <-> 52.89.39.139:443 [proto: 91.133/TLS.NetFlix][cat: Video/26][30 pkts/6328 bytes <-> 39 pkts/37610 bytes][bytes ratio: -0.712 (Download)][IAT c2s/s2c min/avg/max/stddev: 0/0 309.4/1038.5 6911/30443 1322.5/5031.0][Pkt Len c2s/s2c min/avg/max/stddev: 60/66 210.9/964.4 1514/1514 376.2/637.4][TLSv1.2][Client: api-global.netflix.com][JA3C: 7e72698146290dd68239f788a452e7d8][Server: api.netflix.com][JA3S: 303951d4c50efb2e991652225a6f02b1][Organization: Netflix, Inc.][Certificate SHA-1: FC:5B:F6:86:AE:E5:22:0D:60:0C:C3:DF:8F:02:80:3F:A3:60:0E:3C][Validity: 2016-04-12 00:00:00 - 2018-04-10 23:59:59][Cipher: TLS_ECDHE_RSA_WITH_AES_128_GCM_SHA256]
	15	TCP 192.168.1.7:53252 <-> 184.25.204.10:80 [proto: 7.133/HTTP.NetFlix][cat: Video/26][12 pkts/1221 bytes <-> 29 pkts/41018 bytes][Host: art-1.nflximg.net][bytes ratio: -0.942 (Download)][IAT c2s/s2c min/avg/max/stddev: 11/0 126.5/34.8 837/81 232.9/18.2][Pkt Len c2s/s2c min/avg/max/stddev: 66/66 101.8/1414.4 311/1514 64.1/365.9][URL: art-1.nflximg.net/8b1fa/eaa1b78cd72ca4dbdcab527691d2fcab37c8b1fa.jpg][StatusCode: 200][PLAIN TEXT (GET /8b)]
	16	TCP 192.168.1.7:53179 <-> 23.246.11.141:80 [proto: 7.133/HTTP.NetFlix][cat: Video/26][31 pkts/2596 bytes <-> 29 pkts/37544 bytes][bytes ratio: -0.871 (Download)][IAT c2s/s2c min/avg/max/stddev: 0/0 252.1/269.4 1392/4457 353.8/837.2][Pkt Len c2s/s2c min/avg/max/stddev: 66/66 83.7/1294.6 424/1514 62.8/489.1][URL: 23.246.11.141/range/0-65535?o=AQEfKq2oMrLRiWL2puNQJJiXLBugGLjSseu23V2HX6kIiU9JpbCaBxxaIoz21qQNKuDUaOIZwdTlx23DMVxabbCwmvEluipDW2tvFMlhMRtwdhhVlbv9KGFabiu5KH0Slx0VjOK_wzThpPflHhWA4kW9gayYEWtjNNKe&v=3&e=1484347850&t=JqTg0NiANIn4-aRwn3uKtWdoQ7M&random=114897][StatusCode: 200][PLAIN TEXT (czGET /range/0)]
	17	TCP 192.168.1.7:53251 <-> 184.25.204.10:80 [proto: 7.133/HTTP.NetFlix][cat: Video/26][16 pkts/1558 bytes <-> 25 pkts/33413 bytes][Host: art-1.nflximg.net][bytes ratio: -0.911 (Download)][IAT c2s/s2c min/avg/max/stddev: 0/0 137.5/84.7 1389/1416 341.0/281.3][Pkt Len c2s/s2c min/avg/max/stddev: 66/66 97.4/1336.5 311/1514 80.8/428.1][URL: art-1.nflximg.net/4e36d/6289889020d6cc6dfb3038c35564a41e1ca4e36d.jpg][StatusCode: 200][PLAIN TEXT (GET /4e)]
	18	TCP 192.168.1.7:53151 <-> 54.201.191.132:80 [proto: 7.133/HTTP.NetFlix][cat: Video/26][15 pkts/3626 bytes <-> 26 pkts/29544 bytes][Host: appboot.netflix.com][bytes ratio: -0.781 (Download)][IAT c2s/s2c min/avg/max/stddev: 0/0 43.8/19.2 187/135 52.9/26.9][Pkt Len c2s/s2c min/avg/max/stddev: 66/66 241.7/1136.3 1514/1514 404.6/584.3][URL: appboot.netflix.com/appboot/NFAPPL-02-][StatusCode: 200][PLAIN TEXT (POST /appboot/NFAPPL)]
	19	TCP 192.168.1.7:53182 <-> 23.246.11.141:80 [proto: 7.133/HTTP.NetFlix][cat: Video/26][33 pkts/2732 bytes <-> 25 pkts/30064 bytes][bytes ratio: -0.833 (Download)][IAT c2s/s2c min/avg/max/stddev: 1/0 230.2/307.9 1162/2716 282.4/581.2][Pkt Len c2s/s2c min/avg/max/stddev: 66/66 82.8/1202.6 424/1514 61.0/563.7][URL: 23.246.11.141/range/0-65535?o=AQEfKq2oMrLRiWL2puNQJZ2VKhqgGLjSseu23V2HX6kIiU9JpbCaBxxaIoz21qQNKuDUaOIZwdTlx23DMVxabbCwmvEluipDW2tvFMlhMRtwdhhVlbv9KGFabiu5KH0Slx0VjOK_wzTho_flHhWA4kW9gayYEWtjNNKe&v=3&e=1484347850&t=LQ7LyXSnZaXKEHAHaRRHk-S7dKE&random=420981][StatusCode: 200][PLAIN TEXT (GET /range/0)]
	20	TCP 192.168.1.7:53173 <-> 23.246.11.133:80 [proto: 7.133/HTTP.NetFlix][cat: Video/26][24 pkts/2041 bytes <-> 25 pkts/30064 bytes][bytes ratio: -0.873 (Download)][IAT c2s/s2c min/avg/max/stddev: 18/4 268.7/256.0 985/1397 248.7/322.3][Pkt Len c2s/s2c min/avg/max/stddev: 66/66 85.0/1202.6 423/1514 71.0/563.7][URL: 23.246.11.133/range/0-65535?o=AQEfKq2oMrLRiWL1ouVaJZ2bLBChGLjSseu23V2HX6kIiU9JpbCaBxxaIoz21qQNKuDUaOIZwdTlx23DMVxabbCwmvEluipDW2tvFMlhMRtwdhhVlbv9KGFabiu5KH0Slx0VjOK_wzThp_ngHhWA4kW9gayYEWtjNNKe&v=3&e=1484347850&t=SixKQmLLJNvShj-pfML-2h4QaqQ&random=727666][StatusCode: 200][PLAIN TEXT (GET /range/0)]
	21	TCP 192.168.1.7:53175 <-> 23.246.11.141:80 [proto: 7.133/HTTP.NetFlix][cat: Video/26][31 pkts/2571 bytes <-> 22 pkts/28042 bytes][bytes ratio: -0.832 (Download)][IAT c2s/s2c min/avg/max/stddev: 0/4 245.9/356.0 1355/1636 317.7/452.8][Pkt Len c2s/s2c min/avg/max/stddev: 66/66 82.9/1274.6 423/1514 62.5/516.6][URL: 23.246.11.141/range/0-65535?o=AQEfKq2oMrLRiWL2puNQJJ2TLhuiGLjSseu23V2HX6kIiU9JpbCaBxxaIoz21qQNKuDUaOIZwdTlx23DMVxabbCwmvEluipDW2tvFMlhMRtwdhhVlbv9KGFabiu5KH0Slx0VjOK_wzThpP7lHhWA4kW9gayYEWtjNNKe&v=3&e=1484347850&t=Dh278u2UpApOCGUj5RxV8azNWX8&random=323765][StatusCode: 200][PLAIN TEXT (GET /range/0)]
	22	TCP 192.168.1.7:53239 <-> 52.41.30.5:443 [proto: 91.133/TLS.NetFlix][cat: Video/26][22 pkts/6384 bytes <-> 26 pkts/23277 bytes][bytes ratio: -0.570 (Download)][IAT c2s/s2c min/avg/max/stddev: 0/0 82.1/59.3 437/500 133.2/106.5][Pkt Len c2s/s2c min/avg/max/stddev: 66/66 290.2/895.3 1514/1514 441.6/626.2][TLSv1.2][Client: api-global.netflix.com][JA3C: d8bfad189bd26664e04570c104ee8418][Server: api.netflix.com][JA3S: 303951d4c50efb2e991652225a6f02b1][Organization: Netflix, Inc.][Certificate SHA-1: FC:5B:F6:86:AE:E5:22:0D:60:0C:C3:DF:8F:02:80:3F:A3:60:0E:3C][Validity: 2016-04-12 00:00:00 - 2018-04-10 23:59:59][Cipher: TLS_ECDHE_RSA_WITH_AES_128_GCM_SHA256]
	23	TCP 192.168.1.7:53177 <-> 23.246.11.141:80 [proto: 7.133/HTTP.NetFlix][cat: Video/26][32 pkts/2572 bytes <-> 23 pkts/26661 bytes][bytes ratio: -0.824 (Download)][IAT c2s/s2c min/avg/max/stddev: 0/0 232.9/347.5 635/1046 208.1/357.2][Pkt Len c2s/s2c min/avg/max/stddev: 66/54 80.4/1159.2 426/1514 62.4/602.9][URL: 23.246.11.141/range/0-65535?o=AQEfKq2oMrLRiWL2puNQIpyTIBGjGLjSseu23V2HX6kIiU9JpbCaBxxaIoz21qQNKuDUaOIZwdTlx23DMVxabbCwmvEluipDW2tvFMlhMRtwdhhVlbv9KGFabiu5KH0Slx0VjOK_wzThp_biCFrUjHWqh5ipQCtzf4OVWQ&v=3&e=1484347850&t=8Z78vL2i9OzihCA3M1LinMYcMY4&random=2386][StatusCode: 200][PLAIN TEXT (fGET /range/0)]
	24	TCP 192.168.1.7:53176 <-> 23.246.11.141:80 [proto: 7.133/HTTP.NetFlix][cat: Video/26][36 pkts/3030 bytes <-> 21 pkts/25455 bytes][bytes ratio: -0.787 (Download)][IAT c2s/s2c min/avg/max/stddev: 0/4 235.9/420.4 1250/4431 316.7/1002.8][Pkt Len c2s/s2c min/avg/max/stddev: 66/66 84.2/1212.1 424/1514 58.1/550.7][URL: 23.246.11.141/range/0-65535?o=AQEfKq2oMrLRiWL2puNQJJqTIRqhGLjSseu23V2HX6kIiU9JpbCaBxxaIoz21qQNKuDUaOIZwdTlx23DMVxabbCwmvEluipDW2tvFMlhMRtwdhhVlbv9KGFabiu5KH0Slx0VjOK_wzThp_vlHhWA4kW9gayYEWtjNNKe&v=3&e=1484347850&t=TnP59JB1wb5UTOCr0m-KQU2kGPo&random=413473][StatusCode: 200][PLAIN TEXT (GET /range/0)]
	25	TCP 192.168.1.7:53180 <-> 23.246.11.141:80 [proto: 7.133/HTTP.NetFlix][cat: Video/26][34 pkts/2864 bytes <-> 21 pkts/25456 bytes][bytes ratio: -0.798 (Download)][IAT c2s/s2c min/avg/max/stddev: 0/0 179.5/299.3 1162/2097 234.5/514.8][Pkt Len c2s/s2c min/avg/max/stddev: 66/66 84.2/1212.2 426/1514 60.5/550.7][URL: 23.246.11.141/range/0-65535?o=AQEfKq2oMrLRiWL2puNQJ5yTLBCkGLjSseu23V2HX6kIiU9JpbCaBxxaIoz21qQNKuDUaOIZwdTlx23DMVxabbCwmvEluipDW2tvFMlhMRtwdhhVlbv9KGFabiu5KH0Slx0VjOK_wzThp_3mCFrUjHWqh5ipQCtzf4OVWQ&v=3&e=1484347850&t=r5jtnnEcR8hDCkPImfEiWqWAjKk&random=1846][StatusCode: 200][PLAIN TEXT (GET /range/0)]
	26	TCP 192.168.1.7:53178 <-> 23.246.11.141:80 [proto: 7.133/HTTP.NetFlix][cat: Video/26][30 pkts/2553 bytes <-> 22 pkts/25510 bytes][bytes ratio: -0.818 (Download)][IAT c2s/s2c min/avg/max/stddev: 0/4 268.3/393.4 1317/3546 336.0/788.6][Pkt Len c2s/s2c min/avg/max/stddev: 66/54 85.1/1159.5 423/1514 63.5/589.6][URL: 23.246.11.141/range/0-65535?o=AQEfKq2oMrLRiWL2puNQJJmULRajGLjSseu23V2HX6kIiU9JpbCaBxxaIoz21qQNKuDUaOIZwdTlx23DMVxabbCwmvEluipDW2tvFMlhMRtwdhhVlbv9KGFabiu5KH0Slx0VjOK_wzThpfblHhWA4kW9gayYEWtjNNKe&v=3&e=1484347850&t=zezrDJDQvgO2TiYC1dT3imH4QC8&random=169467][StatusCode: 200][PLAIN TEXT (GET /range/0)]
	27	TCP 192.168.1.7:53203 <-> 52.37.36.252:443 [proto: 91.133/TLS.NetFlix][cat: Video/26][28 pkts/22704 bytes <-> 17 pkts/5248 bytes][bytes ratio: 0.624 (Upload)][IAT c2s/s2c min/avg/max/stddev: 0/0 51.2/2142.3 332/30970 92.5/7705.0][Pkt Len c2s/s2c min/avg/max/stddev: 60/66 810.9/308.7 1514/1514 699.9/492.9][TLSv1.2][Client: ichnaea.netflix.com][JA3C: c07cb55f88702033a8f52c046d23e0b2][Server: customerevents.netflix.com][JA3S: 303951d4c50efb2e991652225a6f02b1][Organization: Netflix, Inc.][Certificate SHA-1: 50:D6:DB:AF:1D:A3:83:52:E6:0E:15:8F:98:78:EE:2F:23:FD:E2:3F][Validity: 2016-04-12 00:00:00 - 2018-04-10 23:59:59][Cipher: TLS_ECDHE_RSA_WITH_AES_128_GCM_SHA256]
	28	TCP 192.168.1.7:53249 <-> 52.41.30.5:443 [proto: 91.133/TLS.NetFlix][cat: Video/26][25 pkts/5934 bytes <-> 27 pkts/19952 bytes][bytes ratio: -0.542 (Download)][IAT c2s/s2c min/avg/max/stddev: 0/0 35.4/30.2 266/316 69.1/63.1][Pkt Len c2s/s2c min/avg/max/stddev: 66/66 237.4/739.0 1514/1514 406.7/541.9][TLSv1.2][Client: api-global.netflix.com][JA3C: 7e72698146290dd68239f788a452e7d8][JA3S: 303951d4c50efb2e991652225a6f02b1][Cipher: TLS_ECDHE_RSA_WITH_AES_128_GCM_SHA256]
	29	TCP 192.168.1.7:53174 <-> 23.246.11.141:80 [proto: 7.133/HTTP.NetFlix][cat: Video/26][35 pkts/2920 bytes <-> 19 pkts/22428 bytes][bytes ratio: -0.770 (Download)][IAT c2s/s2c min/avg/max/stddev: 5/0 223.2/432.5 636/3094 221.3/735.7][Pkt Len c2s/s2c min/avg/max/stddev: 66/66 83.4/1180.4 424/1514 58.9/569.7][URL: 23.246.11.141/range/0-65535?o=AQEfKq2oMrLRiWL2puNQJpmQIRekGLjSseu23V2HX6kIiU9JpbCaBxxaIoz21qQNKuDUaOIZwdTlx23DMVxabbCwmvEluipDW2tvFMlhMRtwdhhVlbv9KGFabiu5KH0Slx0VjOK_wzThrvnlHhWA4kW9gayYEWtjNNKe&v=3&e=1484347850&t=mQfOf90-RY2Gd2ii20KJpCcYQVk&random=134564][StatusCode: 200][PLAIN TEXT (GET /range/0)]
	30	TCP 192.168.1.7:53181 <-> 23.246.11.141:80 [proto: 7.133/HTTP.NetFlix][cat: Video/26][34 pkts/2879 bytes <-> 20 pkts/22373 bytes][bytes ratio: -0.772 (Download)][IAT c2s/s2c min/avg/max/stddev: 0/0 256.4/479.3 1152/2608 308.2/686.3][Pkt Len c2s/s2c min/avg/max/stddev: 66/54 84.7/1118.7 425/1514 60.1/613.7][URL: 23.246.11.141/range/0-65535?o=AQEfKq2oMrLRiWL2puNQLJ2TIBepGLjSseu23V2HX6kIiU9JpbCaBxxaIoz21qQNKuDUaOIZwdTlx23DMVxabbCwmvEluipDW2tvFMlhMRtwdhhVlbv9KGFabiu5KH0Slx0VjOK_wzThpPbiCFrUjHWqh5ipQCtzf4OVWQ&v=3&e=1484347850&t=tTXu3c6FnJtfi6z0IJp3hw8eDv8&random=1294][StatusCode: 200][PLAIN TEXT (GET /range/0)]
	31	TCP 192.168.1.7:53172 <-> 23.246.11.133:80 [proto: 7.133/HTTP.NetFlix][cat: Video/26][30 pkts/2610 bytes <-> 20 pkts/22422 bytes][bytes ratio: -0.791 (Download)][IAT c2s/s2c min/avg/max/stddev: 0/0 250.6/412.8 811/3064 252.1/726.6][Pkt Len c2s/s2c min/avg/max/stddev: 66/54 87.0/1121.1 424/1514 63.5/610.6][URL: 23.246.11.133/range/0-65535?o=AQEfKq2oMrLRiWL1ouVaJpeQLBWjGLjSseu23V2HX6kIiU9JpbCaBxxaIoz21qQNKuDUaOIZwdTlx23DMVxabbCwmvEluipDW2tvFMlhMRtwdhhVlbv9KGFabiu5KH0Slx0VjOK_wzThp_7lHhWA4kW9gayYEWtjNNKe&v=3&e=1484347850&t=JfEef80K02ynIjLLoi-HZB1uQ10&random=247333][StatusCode: 200][PLAIN TEXT (GET /range/0)]
	32	TCP 192.168.1.7:53202 <-> 54.191.17.51:443 [proto: 91.133/TLS.NetFlix][cat: Video/26][22 pkts/10686 bytes <-> 16 pkts/7850 bytes][bytes ratio: 0.153 (Mixed)][IAT c2s/s2c min/avg/max/stddev: 0/0 47.7/61.3 282/127 72.6/34.9][Pkt Len c2s/s2c min/avg/max/stddev: 60/66 485.7/490.6 1514/1514 602.5/610.3][TLSv1.2][Client: ios.nccp.netflix.com][JA3C: dc67ac8aaf8d7f69ecd6598135448f24][Server: *.nccp.netflix.com][JA3S: 303951d4c50efb2e991652225a6f02b1][Organization: Netflix, Inc.][Certificate SHA-1: 97:F6:63:95:8F:F2:5E:E0:80:12:5A:FD:BF:B2:EB:FE:A2:FE:72:33][Validity: 2001-01-01 12:30:00 - 2029-01-01 12:30:00][Cipher: TLS_ECDHE_RSA_WITH_AES_128_GCM_SHA256]
	33	TCP 192.168.1.7:53152 <-> 52.89.39.139:80 [proto: 7.133/HTTP.NetFlix][cat: Video/26][14 pkts/10001 bytes <-> 13 pkts/6504 bytes][Host: api-global.netflix.com][bytes ratio: 0.212 (Upload)][IAT c2s/s2c min/avg/max/stddev: 0/5 51.8/42.5 185/123 61.9/30.8][Pkt Len c2s/s2c min/avg/max/stddev: 66/66 714.4/500.3 1514/1514 676.3/651.2][URL: api-global.netflix.com/msl/nrdjs/2.1.2][StatusCode: 0][PLAIN TEXT (POST /msl/nrdjs/2.1.2 HTTP/1.1)]
	34	TCP 192.168.1.7:53162 <-> 54.191.17.51:443 [proto: 91.133/TLS.NetFlix][cat: Video/26][18 pkts/5661 bytes <-> 13 pkts/9059 bytes][bytes ratio: -0.231 (Download)][IAT c2s/s2c min/avg/max/stddev: 0/0 66.8/86.2 322/423 87.7/111.3][Pkt Len c2s/s2c min/avg/max/stddev: 60/66 314.5/696.8 1514/1514 477.1/667.4][TLSv1.2][Client: ios.nccp.netflix.com][JA3C: dc67ac8aaf8d7f69ecd6598135448f24][Server: *.nccp.netflix.com][JA3S: 303951d4c50efb2e991652225a6f02b1][Organization: Netflix, Inc.][Certificate SHA-1: 97:F6:63:95:8F:F2:5E:E0:80:12:5A:FD:BF:B2:EB:FE:A2:FE:72:33][Validity: 2001-01-01 12:30:00 - 2029-01-01 12:30:00][Cipher: TLS_ECDHE_RSA_WITH_AES_128_GCM_SHA256]
	35	TCP 192.168.1.7:53132 <-> 52.89.39.139:443 [proto: 91.133/TLS.NetFlix][cat: Video/26][22 pkts/6028 bytes <-> 18 pkts/7459 bytes][bytes ratio: -0.106 (Mixed)][IAT c2s/s2c min/avg/max/stddev: 0/0 435.6/2401.4 7402/30636 1690.0/7511.1][Pkt Len c2s/s2c min/avg/max/stddev: 60/66 274.0/414.4 1514/1514 437.3/546.1][TLSv1.2][Client: api-global.netflix.com][JA3C: 7e72698146290dd68239f788a452e7d8][Server: api.netflix.com][JA3S: 303951d4c50efb2e991652225a6f02b1][Organization: Netflix, Inc.][Certificate SHA-1: FC:5B:F6:86:AE:E5:22:0D:60:0C:C3:DF:8F:02:80:3F:A3:60:0E:3C][Validity: 2016-04-12 00:00:00 - 2018-04-10 23:59:59][Cipher: TLS_ECDHE_RSA_WITH_AES_128_GCM_SHA256]
	36	TCP 192.168.1.7:53150 <-> 184.25.204.25:80 [proto: 7.133/HTTP.NetFlix][cat: Video/26][10 pkts/941 bytes <-> 11 pkts/12318 bytes][Host: art-2.nflximg.net][bytes ratio: -0.858 (Download)][IAT c2s/s2c min/avg/max/stddev: 1/0 137.2/34.6 830/63 263.3/16.4][Pkt Len c2s/s2c min/avg/max/stddev: 66/66 94.1/1119.8 311/1514 72.5/643.7][URL: art-2.nflximg.net/87b33/bed1223a0040fdc97bac4e906332e462c6e87b33.jpg][StatusCode: 200][PLAIN TEXT (GET /87)]
	37	TCP 192.168.1.7:53119 <-> 54.69.204.241:443 [proto: 91.133/TLS.NetFlix][cat: Video/26][20 pkts/7639 bytes <-> 16 pkts/5235 bytes][bytes ratio: 0.187 (Mixed)][IAT c2s/s2c min/avg/max/stddev: 0/0 20.6/2199.1 82/30503 26.8/7850.1][Pkt Len c2s/s2c min/avg/max/stddev: 60/66 382.0/327.2 1514/1514 559.0/501.4][TLSv1.2][Client: ichnaea.netflix.com][JA3C: c07cb55f88702033a8f52c046d23e0b2][Server: customerevents.netflix.com][JA3S: 303951d4c50efb2e991652225a6f02b1][Organization: Netflix, Inc.][Certificate SHA-1: 50:D6:DB:AF:1D:A3:83:52:E6:0E:15:8F:98:78:EE:2F:23:FD:E2:3F][Validity: 2016-04-12 00:00:00 - 2018-04-10 23:59:59][Cipher: TLS_ECDHE_RSA_WITH_AES_128_GCM_SHA256]
	38	TCP 192.168.1.7:53118 <-> 54.69.204.241:443 [proto: 91.133/TLS.NetFlix][cat: Video/26][19 pkts/7588 bytes <-> 15 pkts/5140 bytes][bytes ratio: 0.192 (Mixed)][IAT c2s/s2c min/avg/max/stddev: 0/0 19.1/2332.7 62/30086 24.6/8011.7][Pkt Len c2s/s2c min/avg/max/stddev: 60/66 399.4/342.7 1514/1514 568.6/514.1][TLSv1.2][Client: ichnaea.netflix.com][JA3C: c07cb55f88702033a8f52c046d23e0b2][Server: customerevents.netflix.com][JA3S: 303951d4c50efb2e991652225a6f02b1][Organization: Netflix, Inc.][Certificate SHA-1: 50:D6:DB:AF:1D:A3:83:52:E6:0E:15:8F:98:78:EE:2F:23:FD:E2:3F][Validity: 2016-04-12 00:00:00 - 2018-04-10 23:59:59][Cipher: TLS_ECDHE_RSA_WITH_AES_128_GCM_SHA256]
	39	TCP 192.168.1.7:53238 <-> 52.32.22.214:443 [proto: 91.133/TLS.NetFlix][cat: Video/26][17 pkts/5528 bytes <-> 14 pkts/5406 bytes][bytes ratio: 0.011 (Mixed)][IAT c2s/s2c min/avg/max/stddev: 0/0 236.0/257.7 2449/2522 641.5/686.3][Pkt Len c2s/s2c min/avg/max/stddev: 60/66 325.2/386.1 1514/1514 478.5/534.2][TLSv1.2][Client: ios.nccp.netflix.com][JA3C: dc67ac8aaf8d7f69ecd6598135448f24][Server: *.nccp.netflix.com][JA3S: 303951d4c50efb2e991652225a6f02b1][Organization: Netflix, Inc.][Certificate SHA-1: 97:F6:63:95:8F:F2:5E:E0:80:12:5A:FD:BF:B2:EB:FE:A2:FE:72:33][Validity: 2001-01-01 12:30:00 - 2029-01-01 12:30:00][Cipher: TLS_ECDHE_RSA_WITH_AES_128_GCM_SHA256]
	40	TCP 192.168.1.7:53248 <-> 52.32.22.214:443 [proto: 91.133/TLS.NetFlix][cat: Video/26][12 pkts/5165 bytes <-> 10 pkts/5074 bytes][bytes ratio: 0.009 (Mixed)][IAT c2s/s2c min/avg/max/stddev: 0/0 30.8/31.7 85/65 30.6/28.0][Pkt Len c2s/s2c min/avg/max/stddev: 66/66 430.4/507.4 1514/1514 532.6/591.2][TLSv1.2][Client: ios.nccp.netflix.com][JA3C: dc67ac8aaf8d7f69ecd6598135448f24][Server: *.nccp.netflix.com][JA3S: 303951d4c50efb2e991652225a6f02b1][Organization: Netflix, Inc.][Certificate SHA-1: 97:F6:63:95:8F:F2:5E:E0:80:12:5A:FD:BF:B2:EB:FE:A2:FE:72:33][Validity: 2001-01-01 12:30:00 - 2029-01-01 12:30:00][Cipher: TLS_ECDHE_RSA_WITH_AES_128_GCM_SHA256]
	41	TCP 192.168.1.7:53105 <-> 54.69.204.241:443 [proto: 91.133/TLS.NetFlix][cat: Video/26][21 pkts/3051 bytes <-> 16 pkts/6234 bytes][bytes ratio: -0.343 (Download)][IAT c2s/s2c min/avg/max/stddev: 0/0 35.8/2212.0 310/30405 72.5/7819.9][Pkt Len c2s/s2c min/avg/max/stddev: 60/66 145.3/389.6 422/1514 131.7/519.8][TLSv1.2][Client: ichnaea.netflix.com][JA3C: c07cb55f88702033a8f52c046d23e0b2][Server: customerevents.netflix.com][JA3S: 303951d4c50efb2e991652225a6f02b1][Organization: Netflix, Inc.][Certificate SHA-1: 50:D6:DB:AF:1D:A3:83:52:E6:0E:15:8F:98:78:EE:2F:23:FD:E2:3F][Validity: 2016-04-12 00:00:00 - 2018-04-10 23:59:59][Cipher: TLS_ECDHE_RSA_WITH_AES_128_GCM_SHA256]
	42	TCP 192.168.1.7:53114 <-> 54.191.17.51:443 [proto: 91.133/TLS.NetFlix][cat: Video/26][14 pkts/3109 bytes <-> 11 pkts/5119 bytes][bytes ratio: -0.244 (Download)][IAT c2s/s2c min/avg/max/stddev: 0/1 26.7/29.7 72/63 26.6/26.4][Pkt Len c2s/s2c min/avg/max/stddev: 60/66 222.1/465.4 1514/1514 382.1/579.1][TLSv1.2][Client: ios.nccp.netflix.com][JA3C: dc67ac8aaf8d7f69ecd6598135448f24][Server: *.nccp.netflix.com][JA3S: 303951d4c50efb2e991652225a6f02b1][Organization: Netflix, Inc.][Certificate SHA-1: 97:F6:63:95:8F:F2:5E:E0:80:12:5A:FD:BF:B2:EB:FE:A2:FE:72:33][Validity: 2001-01-01 12:30:00 - 2029-01-01 12:30:00][Cipher: TLS_ECDHE_RSA_WITH_AES_128_GCM_SHA256]
	43	TCP 192.168.1.7:53134 <-> 52.89.39.139:443 [proto: 91.133/TLS.NetFlix][cat: Video/26][14 pkts/3548 bytes <-> 11 pkts/4653 bytes][bytes ratio: -0.135 (Mixed)][IAT c2s/s2c min/avg/max/stddev: 0/0 25.9/3411.4 143/30500 44.1/9577.3][Pkt Len c2s/s2c min/avg/max/stddev: 60/66 253.4/423.0 1514/1514 421.8/511.9][TLSv1.2][Client: api-global.netflix.com][JA3C: 7e72698146290dd68239f788a452e7d8][JA3S: 303951d4c50efb2e991652225a6f02b1][Cipher: TLS_ECDHE_RSA_WITH_AES_128_GCM_SHA256]
	44	TCP 192.168.1.7:53115 <-> 52.32.196.36:443 [proto: 91.133/TLS.NetFlix][cat: Video/26][16 pkts/1657 bytes <-> 12 pkts/5005 bytes][bytes ratio: -0.503 (Download)][IAT c2s/s2c min/avg/max/stddev: 0/0 22.3/3087.7 57/30654 24.4/9188.8][Pkt Len c2s/s2c min/avg/max/stddev: 60/66 103.6/417.1 309/1514 78.3/548.0][TLSv1.2][Client: api-global.netflix.com][JA3C: c07cb55f88702033a8f52c046d23e0b2][Server: api.netflix.com][JA3S: 303951d4c50efb2e991652225a6f02b1][Organization: Netflix, Inc.][Certificate SHA-1: FC:5B:F6:86:AE:E5:22:0D:60:0C:C3:DF:8F:02:80:3F:A3:60:0E:3C][Validity: 2016-04-12 00:00:00 - 2018-04-10 23:59:59][Cipher: TLS_ECDHE_RSA_WITH_AES_128_GCM_SHA256]
	45	TCP 192.168.1.7:53250 <-> 52.41.30.5:443 [proto: 91.133/TLS.NetFlix][cat: Video/26][10 pkts/2830 bytes <-> 7 pkts/2484 bytes][bytes ratio: 0.065 (Mixed)][IAT c2s/s2c min/avg/max/stddev: 0/0 23.3/25.0 92/54 33.4/22.7][Pkt Len c2s/s2c min/avg/max/stddev: 66/66 283.0/354.9 1450/1066 419.0/412.7][TLSv1.2][Client: api-global.netflix.com][JA3C: 7e72698146290dd68239f788a452e7d8][JA3S: 303951d4c50efb2e991652225a6f02b1][Cipher: TLS_ECDHE_RSA_WITH_AES_128_GCM_SHA256]
	46	TCP 192.168.1.7:53117 <-> 52.32.196.36:443 [proto: 91.133/TLS.NetFlix][cat: Video/26][12 pkts/1294 bytes <-> 8 pkts/1723 bytes][bytes ratio: -0.142 (Mixed)][IAT c2s/s2c min/avg/max/stddev: 0/0 21.1/5108.7 59/30536 26.1/11371.5][Pkt Len c2s/s2c min/avg/max/stddev: 60/66 107.8/215.4 309/989 83.5/296.5][TLSv1.2][Client: api-global.netflix.com][JA3C: 7e72698146290dd68239f788a452e7d8][JA3S: 303951d4c50efb2e991652225a6f02b1][Cipher: TLS_ECDHE_RSA_WITH_AES_128_GCM_SHA256]
	47	UDP 192.168.1.7:53776 -> 239.255.255.250:1900 [proto: 12/SSDP][cat: System/18][16 pkts/2648 bytes -> 0 pkts/0 bytes][bytes ratio: 1.000 (Upload)][IAT c2s/s2c min/avg/max/stddev: 105/0 5274.9/0.0 14907/0 6826.6/0.0][Pkt Len c2s/s2c min/avg/max/stddev: 164/0 165.5/0.0 167/0 1.5/0.0][PLAIN TEXT (SEARCH )]
	48	UDP 192.168.1.7:51543 <-> 192.168.1.1:53 [proto: 5.133/DNS.NetFlix][cat: Video/26][2 pkts/160 bytes <-> 2 pkts/646 bytes][Host: ios.nccp.netflix.com][PLAIN TEXT (netflix)]
	49	UDP 192.168.1.7:51622 <-> 192.168.1.1:53 [proto: 5.133/DNS.NetFlix][cat: Video/26][2 pkts/160 bytes <-> 2 pkts/646 bytes][Host: ios.nccp.netflix.com][PLAIN TEXT (netflix)]
	50	UDP 192.168.1.7:52347 <-> 192.168.1.1:53 [proto: 5.133/DNS.NetFlix][cat: Video/26][1 pkts/80 bytes <-> 1 pkts/371 bytes][Host: ios.nccp.netflix.com][PLAIN TEXT (netflix)]
	51	UDP 192.168.1.7:60962 <-> 192.168.1.1:53 [proto: 5.133/DNS.NetFlix][cat: Video/26][1 pkts/83 bytes <-> 1 pkts/248 bytes][Host: ichnaea.geo.netflix.com][PLAIN TEXT (ichnaea)]
	52	UDP 192.168.1.7:51949 <-> 192.168.1.1:53 [proto: 5.133/DNS.NetFlix][cat: Video/26][1 pkts/97 bytes <-> 1 pkts/225 bytes][Host: api-global.latency.prodaa.netflix.com][PLAIN TEXT (global)]
	53	UDP 192.168.1.7:52095 <-> 192.168.1.1:53 [proto: 5.133/DNS.NetFlix][cat: Video/26][1 pkts/97 bytes <-> 1 pkts/225 bytes][Host: api-global.latency.prodaa.netflix.com][PLAIN TEXT (global)]
	54	UDP 192.168.1.7:52116 <-> 192.168.1.1:53 [proto: 5.133/DNS.NetFlix][cat: Video/26][1 pkts/96 bytes <-> 1 pkts/224 bytes][Host: ichnaea.us-west-2.prodaa.netflix.com][PLAIN TEXT (ichnaea)]
	55	UDP 192.168.1.7:58102 <-> 192.168.1.1:53 [proto: 5.133/DNS.NetFlix][cat: Video/26][1 pkts/79 bytes <-> 1 pkts/192 bytes][Host: appboot.netflix.com][PLAIN TEXT (appboot)]
	56	UDP 192.168.1.7:59180 <-> 192.168.1.1:53 [proto: 5.133/DNS.NetFlix][cat: Video/26][1 pkts/84 bytes <-> 1 pkts/148 bytes][Host: artwork.akam.nflximg.net][PLAIN TEXT (artwork)]
	57	UDP 192.168.1.7:57719 <-> 192.168.1.1:53 [proto: 5.133/DNS.NetFlix][cat: Video/26][1 pkts/85 bytes <-> 1 pkts/137 bytes][Host: sha2.san.akam.nflximg.net][PLAIN TEXT (akamaiedge)]
	58	UDP 192.168.1.7:57093 <-> 192.168.1.1:53 [proto: 5/DNS][cat: Network/14][1 pkts/81 bytes <-> 1 pkts/113 bytes][Host: a1907.dscg.akamai.net][PLAIN TEXT (akamai)]
	59	UDP 192.168.1.7:51728 <-> 192.168.1.1:53 [proto: 5/DNS][cat: Network/14][1 pkts/80 bytes <-> 1 pkts/112 bytes][Host: a803.dscg.akamai.net][PLAIN TEXT (akamai)]
	60	TCP 192.168.1.7:52929 -> 52.24.87.6:443 [proto: 91.178/TLS.Amazon][cat: Web/5][2 pkts/126 bytes -> 0 pkts/0 bytes]
	61	IGMP 192.168.1.7:0 -> 239.255.255.250:0 [proto: 82/IGMP][cat: Network/14][1 pkts/60 bytes -> 0 pkts/0 bytes]
