QQ	12	4781	5
Facebook	6	1740	3
Google	2	378	1
GenericProtocol	133	96179	11
Amazon	2	1469	1

	1	TCP 10.54.169.250:52009 <-> 120.28.35.40:80 [proto: 7.137/HTTP.GenericProtocol][cat: Streaming/17][35 pkts/17902 bytes <-> 30 pkts/28000 bytes][Host: vod-singtelhawk.quickplay.com][bytes ratio: -0.220 (Download)][IAT c2s/s2c min/avg/max/stddev: 182/645 2984.8/2693.8 23289/5776 3679.9/941.1][Pkt Len c2s/s2c min/avg/max/stddev: 500/76 511.5/933.3 587/1456 26.6/493.8][PLAIN TEXT (GET /seg/vol1/s/Warner/qpmezz)]
	2	TCP 10.54.169.250:52019 <-> 120.28.35.40:80 [proto: 7.137/HTTP.GenericProtocol][cat: Streaming/17][14 pkts/7028 bytes <-> 11 pkts/12578 bytes][Host: vod-singtelhawk.quickplay.com][bytes ratio: -0.283 (Download)][IAT c2s/s2c min/avg/max/stddev: 1066/2163 9041.5/8621.5 23311/23043 9741.8/9388.0][Pkt Len c2s/s2c min/avg/max/stddev: 502/652 502.0/1143.5 502/1456 0.0/288.0][PLAIN TEXT (GET /seg/vol1/s/Warner/qpmezz)]
	3	TCP 10.54.169.250:52017 <-> 120.28.35.40:80 [proto: 7.137/HTTP.GenericProtocol][cat: Streaming/17][5 pkts/2510 bytes <-> 3 pkts/3522 bytes][Host: vod-singtelhawk.quickplay.com][bytes ratio: -0.168 (Mixed)][IAT c2s/s2c min/avg/max/stddev: 2521/3055 13434.2/13893.5 23447/24732 10021.5/10838.5][Pkt Len c2s/s2c min/avg/max/stddev: 502/822 502.0/1174.0 502/1456 0.0/263.5][PLAIN TEXT (GET /seg/vol1/s/Warner/qpmezz)]
	4	TCP 10.54.169.250:52018 <-> 120.28.35.40:80 [proto: 7.137/HTTP.GenericProtocol][cat: Streaming/17][4 pkts/2008 bytes <-> 3 pkts/3040 bytes][Host: vod-singtelhawk.quickplay.com][bytes ratio: -0.204 (Download)][IAT c2s/s2c min/avg/max/stddev: 2241/2426 9534.0/3315.0 23958/4204 10199.5/889.0][Pkt Len c2s/s2c min/avg/max/stddev: 502/128 502.0/1013.3 502/1456 0.0/626.0][PLAIN TEXT (GET /seg/vol1/s/Warner/qpmezz)]
	5	TCP 10.54.169.250:52022 <-> 120.28.35.40:80 [proto: 7.137/HTTP.GenericProtocol][cat: Streaming/17][4 pkts/2008 bytes <-> 3 pkts/2276 bytes][Host: vod-singtelhawk.quickplay.com][bytes ratio: -0.063 (Mixed)][IAT c2s/s2c min/avg/max/stddev: 3284/3295 3390.3/3322.0 3535/3349 106.0/27.0][Pkt Len c2s/s2c min/avg/max/stddev: 502/188 502.0/758.7 502/1456 0.0/525.4][PLAIN TEXT (GET /seg/vol1/s/Warner/qpmezz)]
	6	TCP 10.54.169.250:50669 <-> 120.28.35.41:80 [proto: 7.137/HTTP.GenericProtocol][cat: Streaming/17][2 pkts/844 bytes <-> 2 pkts/2836 bytes][Host: api-singtelhawk.quickplay.com][PLAIN TEXT (GET /solr/RestApiSingTel)]
	7	TCP 10.54.169.250:50668 <-> 120.28.35.41:80 [proto: 7.137/HTTP.GenericProtocol][cat: Streaming/17][2 pkts/733 bytes <-> 2 pkts/2627 bytes][Host: api-singtelhawk.quickplay.com][PLAIN TEXT (GET /solr/RestApiSingTel)]
	8	TCP 10.54.169.250:52021 <-> 120.28.35.40:80 [proto: 7.137/HTTP.GenericProtocol][cat: Streaming/17][3 pkts/1506 bytes <-> 1 pkts/1248 bytes][Host: vod-singtelhawk.quickplay.com][PLAIN TEXT (GET /seg/vol1/s/Warner/qpmezz)]
	9	TCP 10.54.169.250:52007 <-> 120.28.35.40:80 [proto: 7.137/HTTP.GenericProtocol][cat: Streaming/17][3 pkts/1583 bytes <-> 1 pkts/1152 bytes][Host: vod-singtelhawk.quickplay.com][PLAIN TEXT (GET /seg/vol1/s/Warner/qpmezz)]
	10	TCP 10.54.169.250:44256 <-> 120.28.5.41:80 [proto: 7.137/HTTP.GenericProtocol][cat: Streaming/17][2 pkts/1086 bytes <-> 1 pkts/1225 bytes][Host: play-singtelhawk.quickplay.com][PLAIN TEXT (GET /vstb/playlist)]
	11	TCP 10.54.169.250:56381 <-> 54.179.140.65:80 [proto: 7.178/HTTP.Amazon][cat: Web/5][1 pkts/638 bytes <-> 1 pkts/831 bytes][Host: api.account.xiaomi.com][PLAIN TEXT (GET /pass/v)]
	12	TCP 10.54.169.250:54883 <-> 203.205.151.160:80 [proto: 7.48/HTTP.QQ][cat: Chat/9][2 pkts/1192 bytes <-> 1 pkts/145 bytes][Host: hkextshort.weixin.qq.com][PLAIN TEXT (POST http)]
	13	TCP 10.54.169.250:54885 <-> 203.205.151.160:80 [proto: 7.48/HTTP.QQ][cat: Chat/9][1 pkts/461 bytes <-> 2 pkts/522 bytes][Host: hkextshort.weixin.qq.com][PLAIN TEXT (POST http)]
	14	TCP 10.54.169.250:35670 <-> 203.205.147.215:80 [proto: 7.48/HTTP.QQ][cat: Chat/9][1 pkts/681 bytes <-> 1 pkts/262 bytes][Host: hkminorshort.weixin.qq.com][PLAIN TEXT (POST http)]
	15	TCP 10.54.169.250:42762 <-> 203.205.129.101:80 [proto: 7.48/HTTP.QQ][cat: Chat/9][1 pkts/616 bytes <-> 1 pkts/261 bytes][Host: hkextshort.weixin.qq.com][PLAIN TEXT (POST http)]
	16	TCP 10.54.169.250:42761 <-> 203.205.129.101:80 [proto: 7.48/HTTP.QQ][cat: Chat/9][1 pkts/380 bytes <-> 1 pkts/261 bytes][Host: hkextshort.weixin.qq.com][PLAIN TEXT (POST http)]
	17	TCP 10.54.169.250:52285 <-> 173.252.74.22:80 [proto: 7.119/HTTP.Facebook][cat: SocialNetwork/6][1 pkts/243 bytes <-> 1 pkts/339 bytes][Host: www.facebook.com][PLAIN TEXT (GET /mobile/status.php HTTP/1.1)]
	18	TCP 10.54.169.250:52288 <-> 173.252.74.22:80 [proto: 7.119/HTTP.Facebook][cat: SocialNetwork/6][1 pkts/243 bytes <-> 1 pkts/339 bytes][Host: www.facebook.com][PLAIN TEXT (GET /mobile/status.php HTTP/1.1)]
	19	TCP 10.54.169.250:44793 <-> 31.13.68.49:80 [proto: 7.119/HTTP.Facebook][cat: SocialNetwork/6][1 pkts/237 bytes <-> 1 pkts/339 bytes][Host: www.facebook.com][PLAIN TEXT (GET /mobile/status.php HTTP/1.1)]
	20	TCP 10.54.169.250:33064 <-> 120.28.5.18:80 [proto: 7.137/HTTP.GenericProtocol][cat: Streaming/17][1 pkts/358 bytes <-> 1 pkts/109 bytes][Host: api-singtelhawk.quickplay.com][PLAIN TEXT (GET /solr/RestApiSingTel)]
	21	TCP 10.54.169.250:33277 <-> 120.28.26.231:80 [proto: 7.126/HTTP.Google][cat: Web/5][1 pkts/241 bytes <-> 1 pkts/137 bytes][Host: clients3.google.com][PLAIN TEXT (GET /generate)]
